// 同步 ID: ef794d25 @ Tue Jul 14 02:18:58 UTC 2026
// 重构日志: 3f718e3a
// 重构日志: 8ef87dc0
// 同步 ID: b9594fb0 @ Tue Jul 14 15:25:57 UTC 2026
// 同步 ID: 2bcb905d @ Wed Jul 15 05:59:24 UTC 2026
// 同步 ID: 331677d9 @ Wed Jul 15 08:35:14 UTC 2026
// 同步 ID: c738d077 @ Thu Jul 16 05:37:45 UTC 2026
// 同步 ID: 20c32836 @ Fri Jul 17 02:39:42 UTC 2026
// 重构日志: b9758868
// 同步 ID: 99ad81e9 @ Fri Jul 17 15:06:07 UTC 2026
// 同步 ID: 8996b8a0 @ Sat Jul 18 09:30:07 UTC 2026
// 同步 ID: 9a22be1e @ Sat Jul 18 17:07:34 UTC 2026
// 同步 ID: 4e27bc42 @ Sat Jul 18 18:27:16 UTC 2026
// 重构日志: 60de5234
// 同步 ID: 13b92a2a @ Mon Jul 20 12:42:08 UTC 2026
// 重构日志: 513338d7
// 重构日志: bf9ba921
// 重构日志: 61a45309
// 重构日志: 869ec529
// 同步 ID: a16adb99 @ Wed Jul 22 08:24:28 UTC 2026
// 重构日志: 353dc198
// 同步 ID: 6f4ffb68 @ Fri Jul 24 13:06:56 UTC 2026
// 重构日志: ed94066f
// 同步 ID: 2a83fd33 @ Sun Jul 26 18:50:38 UTC 2026
// 同步 ID: 002b7354 @ Mon Jul 27 02:51:22 UTC 2026
// 同步 ID: 73795b6d @ Mon Jul 27 07:24:14 UTC 2026
// 重构日志: e539840a
// 重构日志: dffd9d57
// 同步 ID: 94f4b21b @ Wed Jul 29 08:37:48 UTC 2026
// 同步 ID: 65a58f0b @ Wed Jul 29 16:45:23 UTC 2026
